// Jest Snapshot v1, https://goo.gl/fbAQLP

exports[`StateDis renders properly 1`] = `ShallowWrapper {}`;
