// Jest Snapshot v1, https://goo.gl/fbAQLP

exports[` render properly renders properly 1`] = `ShallowWrapper {}`;
