// Jest Snapshot v1, https://goo.gl/fbAQLP

exports[`RestDis renders properly 1`] = `ShallowWrapper {}`;
