// Jest Snapshot v1, https://goo.gl/fbAQLP

exports[`AddRestaurant renders properly 1`] = `ShallowWrapper {}`;
