// Jest Snapshot v1, https://goo.gl/fbAQLP

exports[`AddCity renders properly 1`] = `ShallowWrapper {}`;
