// Jest Snapshot v1, https://goo.gl/fbAQLP

exports[`City renders properly 1`] = `ShallowWrapper {}`;
