// Jest Snapshot v1, https://goo.gl/fbAQLP

exports[`Title renders properly 1`] = `ShallowWrapper {}`;
