// Jest Snapshot v1, https://goo.gl/fbAQLP

exports[`CityDis renders properly 1`] = `ShallowWrapper {}`;
