// Jest Snapshot v1, https://goo.gl/fbAQLP

exports[`Login renders properly 1`] = `ShallowWrapper {}`;
